// Jest Snapshot v1, https://goo.gl/fbAQLP

exports[`day test  day  1`] = `"<td data-testid=\\"day-1\\" data-fadate=\\"1397/10/01\\" class=\\"sc-bdVaJa hyzvNA\\">01</td><td data-testid=\\"day-2\\" data-fadate=\\"1397/10/02\\" class=\\"sc-bdVaJa hyzvNA\\">02</td><td data-testid=\\"day-3\\" data-fadate=\\"1397/10/03\\" class=\\"sc-bdVaJa hyzvNA\\">03</td><td data-testid=\\"day-4\\" data-fadate=\\"1397/10/04\\" class=\\"sc-bdVaJa hyzvNA\\">04</td><td data-testid=\\"day-5\\" data-fadate=\\"1397/10/05\\" class=\\"sc-bdVaJa hyzvNA\\">05</td><td data-testid=\\"day-6\\" data-fadate=\\"1397/10/06\\" class=\\"sc-bdVaJa hyzvNA\\">06</td><td data-testid=\\"day-7\\" data-fadate=\\"1397/10/07\\" class=\\"sc-bdVaJa hyzvNA\\">07</td><td data-testid=\\"day-8\\" data-fadate=\\"1397/10/08\\" class=\\"sc-bdVaJa hyzvNA\\">08</td><td data-testid=\\"day-9\\" data-fadate=\\"1397/10/09\\" class=\\"sc-bdVaJa hyzvNA\\">09</td><td data-testid=\\"day-10\\" data-fadate=\\"1397/10/10\\" class=\\"sc-bdVaJa hyzvNA\\">10</td><td data-testid=\\"day-11\\" data-fadate=\\"1397/10/11\\" class=\\"sc-bdVaJa hyzvNA\\">11</td><td data-testid=\\"day-12\\" data-fadate=\\"1397/10/12\\" class=\\"sc-bdVaJa hyzvNA\\">12</td><td data-testid=\\"day-13\\" data-fadate=\\"1397/10/13\\" class=\\"sc-bdVaJa hyzvNA\\">13</td><td data-testid=\\"day-14\\" data-fadate=\\"1397/10/14\\" class=\\"sc-bdVaJa hyzvNA\\">14</td><td data-testid=\\"day-15\\" data-fadate=\\"1397/10/15\\" class=\\"sc-bdVaJa hyzvNA\\">15</td><td data-testid=\\"day-16\\" data-fadate=\\"1397/10/16\\" class=\\"sc-bdVaJa hyzvNA\\">16</td><td data-testid=\\"day-17\\" data-fadate=\\"1397/10/17\\" class=\\"sc-bdVaJa hyzvNA\\">17</td><td data-testid=\\"day-18\\" data-fadate=\\"1397/10/18\\" class=\\"sc-bdVaJa hyzvNA\\">18</td><td data-testid=\\"day-19\\" data-fadate=\\"1397/10/19\\" class=\\"sc-bdVaJa hyzvNA\\">19</td><td data-testid=\\"day-20\\" data-fadate=\\"1397/10/20\\" class=\\"sc-bdVaJa hyzvNA\\">20</td><td data-testid=\\"day-21\\" data-fadate=\\"1397/10/21\\" class=\\"sc-bdVaJa hyzvNA\\">21</td><td data-testid=\\"day-22\\" data-fadate=\\"1397/10/22\\" class=\\"sc-bdVaJa hyzvNA\\">22</td><td data-testid=\\"day-23\\" data-fadate=\\"1397/10/23\\" class=\\"sc-bdVaJa hyzvNA\\">23</td><td data-testid=\\"day-24\\" data-fadate=\\"1397/10/24\\" class=\\"sc-bdVaJa hyzvNA\\">24</td><td data-testid=\\"day-25\\" data-fadate=\\"1397/10/25\\" class=\\"sc-bdVaJa hyzvNA\\">25</td><td data-testid=\\"day-26\\" data-fadate=\\"1397/10/26\\" class=\\"sc-bdVaJa hyzvNA\\">26</td><td data-testid=\\"day-27\\" data-fadate=\\"1397/10/27\\" class=\\"sc-bdVaJa hyzvNA\\">27</td><td data-testid=\\"day-28\\" data-fadate=\\"1397/10/28\\" class=\\"sc-bdVaJa hyzvNA\\">28</td><td data-testid=\\"day-29\\" data-fadate=\\"1397/10/29\\" class=\\"sc-bdVaJa hyzvNA\\">29</td><td data-testid=\\"day-30\\" data-fadate=\\"1397/10/30\\" class=\\"sc-bdVaJa hyzvNA\\">30</td>"`;
